------------------------------------------------------------------------------------------------------
------------------------------------------------------------------------------------------------------
------------------------------------------------------------------------------------------------------
------------------------------------------------------------------------------------------------------
------------------------------------------------------------------------------------------------------
------------------------------------------------------------------------------------------------------
------------------------------------------------------------------------------------------------------
------------------------------------------------------------------------------------------------------
--------------------------------------------------------------------------------------##--------------
--------------------------------------------------------------------------------------##--------------
------------------------------------------------------------------------------------------------------
------------------------------------------------------------------------------------------------------
--------------------------------------------------------------------------------------###-------------
--------------------------------------------------------------------------------------###-------------
------------------------------------------------------------------------------------------------------
------------------------------------------------------------------------------------------------------
------------------------------------------------------------------------------------------------------
------------------------------------------------------------------------------------##---##-----------
-------------------------------------------------------------------------------------#####------------
--------------------------------------------------------------------------------------###-------------
--------------------------------------------------------------------##-----------------#--------------
--------------------------------------------------------------------##--------------------------------
------------------------------------------------------------------------------------------------------
------------------------------------------------------------------------------------------------------
--------------------------------------------------------------------#---------------------------------
----------------------------------------------------##-------------###--------------------------------
----------------------------------------------------##------------#---#-------------------------------
--------------------------------------------------------------------#-----------------#---------------
-----------------------------------------------------------------#-----#------------##----------------
---------------------------------------------------###-----------#-----#-------------##---------------
---------------------------------------------------###------------#---#-------------------------------
-------------------------------------------------------------------###--------------------------------
------------------------------------------------------------------------------------------------------
------------------------------------------------------------------------------------------------------
-------------------------------------------------##---##------------------------------##---##---------
--------------------------------------------------#####----------------------#-#--------###-----------
---------------------------------------------------###----------------#------##--------#---#----------
----------------------------------------------------#-------------------------#---------#-#-----------
-----------------------------------------------------------------------------------------#------------
----------------------------------------------------------------------#-------------------------------
--------------------------------------------------------------------#-#-------------------------------
---------------------------------------------------------------------##-------------------------------
-------------------------------##-----------------------------------------------------------#---------
---------------------------------#------------------------------------------------#---------#---------
--------------------##------------#--------##------#-----------------------------##--------#-#--------
--------------------##----#-------#--------##----##------------##---##-----------#-#------##-##-------
---------##------##-----##--------#---------------##----------------------#-#------------#-----#------
---------##-----###-----#--##----#------------------------------#---#----#------------------#---------
-----------------##------#####-##--------------------------------###-----#---------------##---##------
--------------------##----#--------------------------------------###-----#--#-------------------------
--------------------##---------------------------------------------------###--------------------------
---------------------------------------------------##---##------------------------------###-----------
----------------------------------#------####--------###--------------------------##---##-#-----------
-----------------------------------#-----#-##-------#---#-------------------------#-#--##-------------
---------------------------------###-----###---------#-#----------##-----------##-#-#---##------------
------------------------------------------------------#-----------##-----------#-#-#-----#-#----------
---------------------------------------###---------------------------------------#-------#--##--------
---------------------------------------##---------------------------------------##--------------------
-------------------------------------------------------------------------------###--------------------
------------------------------------------------------##-----------------------###--------------------
------------------------------------------------------##-----------------------###--------------------
--------------------------------------------------------------------------------##--------------------
---------------------------------------------------------------------------------#------#####---------
-------------------------------------------------------------------------------#-#-#---#-###-#--------
-------------------------------------------------------------------------------##-#-#---#---#---------
----------------------------------------------------------------------------------#-#----###----------
----------------------------------------------------------------------------------##------#-----------
-------------------------------------------------#----------------------------------------------------
--------------------------------------------------#---------------------------------------------------
------------------------------------------------###---------------------------------------------------
-----------------------------------------------------------------------------------------##-----------
-----------------------------------------------------------------------------------------##-----------
------------------------------------------------------------------------------------------------------
------------------------------------------------------------------------------------------------------
------------------------------------------------------------------------------------------------------
------------------------------------------------------------------------------------------------------
--------------------------------------------------------------------------#-#-------------------------
-------------------------------------------------------------------------#----------------------------
-------------------------------------------------------------------------#----------------------------
-------------------------------------------------------------------------#--#-------------------------
-------------------------------------------------------------------------###--------------------------
------------------------------------------------------------------------------------------------------
----------------------------------------------------------------#-------------------------------------
-----------------------------------------------------------------#------------------------------------
---------------------------------------------------------------###------------------------------------
------------------------------------------------------------------------------------------------------
------------------------------------------------------------------------------------------------------
------------------------------------------------------------------------------------------------------
------------------------------------------------------------------------------------------------------
------------------------------------------------------------------------------------------------------
------------------------------------------------------------------------------------------------------
------------------------------------------------------------------------------------------------------
------------------------------------------------------------------------------------------------------
------------------------------------------------------------------------------------------------------
------------------------------------------------------------------------------------------------------
------------------------------------------------------------------------------------------------------
------------------------------------------------------------------------------------------------------
------------------------------------------------------------------------------------------------------
------------------------------------------------------------------------------------------------------
------------------------------------------------------------------------------------------------------
------------------------------------------------------------------------------------------------------
------------------------------------------------------------------------------------------------------

